Archive member included to satisfy reference by file (symbol)

D:\Documents\Microprocessor\Microchip Studio\MiniprojectTask1\ArduinoSketch1\ArduinoCore\Debug\libArduinoCore.a(main.o)
                              C:/Program Files (x86)/Atmel/Studio/7.0/Packs/atmel/ATmega_DFP/1.6.364/gcc/dev/atmega328p/avr5/crtatmega328p.o (main)
D:\Documents\Microprocessor\Microchip Studio\MiniprojectTask1\ArduinoSketch1\ArduinoCore\Debug\libArduinoCore.a(wiring.o)
                              Sketch.o (delay)
D:\Documents\Microprocessor\Microchip Studio\MiniprojectTask1\ArduinoSketch1\ArduinoCore\Debug\libArduinoCore.a(wiring_digital.o)
                              Sketch.o (pinMode)
D:\Documents\Microprocessor\Microchip Studio\MiniprojectTask1\ArduinoSketch1\ArduinoCore\Debug\libArduinoCore.a(wiring_shift.o)
                              Sketch.o (shiftOut)
D:\Documents\Microprocessor\Microchip Studio\MiniprojectTask1\ArduinoSketch1\ArduinoCore\Debug\libArduinoCore.a(hooks.o)
                              D:\Documents\Microprocessor\Microchip Studio\MiniprojectTask1\ArduinoSketch1\ArduinoCore\Debug\libArduinoCore.a(wiring.o) (yield)
c:/program files (x86)/atmel/studio/7.0/toolchain/avr8/avr8-gnu-toolchain/bin/../lib/gcc/avr/5.4.0/avr5\libgcc.a(_exit.o)
                              C:/Program Files (x86)/Atmel/Studio/7.0/Packs/atmel/ATmega_DFP/1.6.364/gcc/dev/atmega328p/avr5/crtatmega328p.o (exit)
c:/program files (x86)/atmel/studio/7.0/toolchain/avr8/avr8-gnu-toolchain/bin/../lib/gcc/avr/5.4.0/avr5\libgcc.a(_tablejump2.o)
                              Sketch.o (__tablejump2__)
c:/program files (x86)/atmel/studio/7.0/toolchain/avr8/avr8-gnu-toolchain/bin/../lib/gcc/avr/5.4.0/avr5\libgcc.a(_clear_bss.o)
                              D:\Documents\Microprocessor\Microchip Studio\MiniprojectTask1\ArduinoSketch1\ArduinoCore\Debug\libArduinoCore.a(wiring.o) (__do_clear_bss)

Discarded input sections

 .data          0x00000000        0x0 C:/Program Files (x86)/Atmel/Studio/7.0/Packs/atmel/ATmega_DFP/1.6.364/gcc/dev/atmega328p/avr5/crtatmega328p.o
 .bss           0x00000000        0x0 C:/Program Files (x86)/Atmel/Studio/7.0/Packs/atmel/ATmega_DFP/1.6.364/gcc/dev/atmega328p/avr5/crtatmega328p.o
 .text          0x00000000        0x0 Sketch.o
 .data          0x00000000        0x0 Sketch.o
 .bss           0x00000000        0x0 Sketch.o
 .text          0x00000000        0x0 D:\Documents\Microprocessor\Microchip Studio\MiniprojectTask1\ArduinoSketch1\ArduinoCore\Debug\libArduinoCore.a(main.o)
 .data          0x00000000        0x0 D:\Documents\Microprocessor\Microchip Studio\MiniprojectTask1\ArduinoSketch1\ArduinoCore\Debug\libArduinoCore.a(main.o)
 .bss           0x00000000        0x0 D:\Documents\Microprocessor\Microchip Studio\MiniprojectTask1\ArduinoSketch1\ArduinoCore\Debug\libArduinoCore.a(main.o)
 .text.atexit   0x00000000        0x6 D:\Documents\Microprocessor\Microchip Studio\MiniprojectTask1\ArduinoSketch1\ArduinoCore\Debug\libArduinoCore.a(main.o)
 .text._Z8setupUSBv
                0x00000000        0x2 D:\Documents\Microprocessor\Microchip Studio\MiniprojectTask1\ArduinoSketch1\ArduinoCore\Debug\libArduinoCore.a(main.o)
 .text          0x00000000        0x0 D:\Documents\Microprocessor\Microchip Studio\MiniprojectTask1\ArduinoSketch1\ArduinoCore\Debug\libArduinoCore.a(wiring.o)
 .data          0x00000000        0x0 D:\Documents\Microprocessor\Microchip Studio\MiniprojectTask1\ArduinoSketch1\ArduinoCore\Debug\libArduinoCore.a(wiring.o)
 .bss           0x00000000        0x0 D:\Documents\Microprocessor\Microchip Studio\MiniprojectTask1\ArduinoSketch1\ArduinoCore\Debug\libArduinoCore.a(wiring.o)
 .text.millis   0x00000000       0x18 D:\Documents\Microprocessor\Microchip Studio\MiniprojectTask1\ArduinoSketch1\ArduinoCore\Debug\libArduinoCore.a(wiring.o)
 .text.delayMicroseconds
                0x00000000       0x16 D:\Documents\Microprocessor\Microchip Studio\MiniprojectTask1\ArduinoSketch1\ArduinoCore\Debug\libArduinoCore.a(wiring.o)
 .text          0x00000000        0x0 D:\Documents\Microprocessor\Microchip Studio\MiniprojectTask1\ArduinoSketch1\ArduinoCore\Debug\libArduinoCore.a(wiring_digital.o)
 .data          0x00000000        0x0 D:\Documents\Microprocessor\Microchip Studio\MiniprojectTask1\ArduinoSketch1\ArduinoCore\Debug\libArduinoCore.a(wiring_digital.o)
 .bss           0x00000000        0x0 D:\Documents\Microprocessor\Microchip Studio\MiniprojectTask1\ArduinoSketch1\ArduinoCore\Debug\libArduinoCore.a(wiring_digital.o)
 .text.digitalRead
                0x00000000       0x52 D:\Documents\Microprocessor\Microchip Studio\MiniprojectTask1\ArduinoSketch1\ArduinoCore\Debug\libArduinoCore.a(wiring_digital.o)
 .progmem.data.port_to_input_PGM
                0x00000000        0xa D:\Documents\Microprocessor\Microchip Studio\MiniprojectTask1\ArduinoSketch1\ArduinoCore\Debug\libArduinoCore.a(wiring_digital.o)
 .text          0x00000000        0x0 D:\Documents\Microprocessor\Microchip Studio\MiniprojectTask1\ArduinoSketch1\ArduinoCore\Debug\libArduinoCore.a(wiring_shift.o)
 .data          0x00000000        0x0 D:\Documents\Microprocessor\Microchip Studio\MiniprojectTask1\ArduinoSketch1\ArduinoCore\Debug\libArduinoCore.a(wiring_shift.o)
 .bss           0x00000000        0x0 D:\Documents\Microprocessor\Microchip Studio\MiniprojectTask1\ArduinoSketch1\ArduinoCore\Debug\libArduinoCore.a(wiring_shift.o)
 .text.shiftIn  0x00000000       0x76 D:\Documents\Microprocessor\Microchip Studio\MiniprojectTask1\ArduinoSketch1\ArduinoCore\Debug\libArduinoCore.a(wiring_shift.o)
 .text          0x00000000        0x0 D:\Documents\Microprocessor\Microchip Studio\MiniprojectTask1\ArduinoSketch1\ArduinoCore\Debug\libArduinoCore.a(hooks.o)
 .data          0x00000000        0x0 D:\Documents\Microprocessor\Microchip Studio\MiniprojectTask1\ArduinoSketch1\ArduinoCore\Debug\libArduinoCore.a(hooks.o)
 .bss           0x00000000        0x0 D:\Documents\Microprocessor\Microchip Studio\MiniprojectTask1\ArduinoSketch1\ArduinoCore\Debug\libArduinoCore.a(hooks.o)
 .text          0x00000000        0x0 c:/program files (x86)/atmel/studio/7.0/toolchain/avr8/avr8-gnu-toolchain/bin/../lib/gcc/avr/5.4.0/avr5\libgcc.a(_exit.o)
 .data          0x00000000        0x0 c:/program files (x86)/atmel/studio/7.0/toolchain/avr8/avr8-gnu-toolchain/bin/../lib/gcc/avr/5.4.0/avr5\libgcc.a(_exit.o)
 .bss           0x00000000        0x0 c:/program files (x86)/atmel/studio/7.0/toolchain/avr8/avr8-gnu-toolchain/bin/../lib/gcc/avr/5.4.0/avr5\libgcc.a(_exit.o)
 .text.libgcc.mul
                0x00000000        0x0 c:/program files (x86)/atmel/studio/7.0/toolchain/avr8/avr8-gnu-toolchain/bin/../lib/gcc/avr/5.4.0/avr5\libgcc.a(_exit.o)
 .text.libgcc.div
                0x00000000        0x0 c:/program files (x86)/atmel/studio/7.0/toolchain/avr8/avr8-gnu-toolchain/bin/../lib/gcc/avr/5.4.0/avr5\libgcc.a(_exit.o)
 .text.libgcc   0x00000000        0x0 c:/program files (x86)/atmel/studio/7.0/toolchain/avr8/avr8-gnu-toolchain/bin/../lib/gcc/avr/5.4.0/avr5\libgcc.a(_exit.o)
 .text.libgcc.prologue
                0x00000000        0x0 c:/program files (x86)/atmel/studio/7.0/toolchain/avr8/avr8-gnu-toolchain/bin/../lib/gcc/avr/5.4.0/avr5\libgcc.a(_exit.o)
 .text.libgcc.builtins
                0x00000000        0x0 c:/program files (x86)/atmel/studio/7.0/toolchain/avr8/avr8-gnu-toolchain/bin/../lib/gcc/avr/5.4.0/avr5\libgcc.a(_exit.o)
 .text.libgcc.fmul
                0x00000000        0x0 c:/program files (x86)/atmel/studio/7.0/toolchain/avr8/avr8-gnu-toolchain/bin/../lib/gcc/avr/5.4.0/avr5\libgcc.a(_exit.o)
 .text.libgcc.fixed
                0x00000000        0x0 c:/program files (x86)/atmel/studio/7.0/toolchain/avr8/avr8-gnu-toolchain/bin/../lib/gcc/avr/5.4.0/avr5\libgcc.a(_exit.o)
 .text          0x00000000        0x0 c:/program files (x86)/atmel/studio/7.0/toolchain/avr8/avr8-gnu-toolchain/bin/../lib/gcc/avr/5.4.0/avr5\libgcc.a(_tablejump2.o)
 .data          0x00000000        0x0 c:/program files (x86)/atmel/studio/7.0/toolchain/avr8/avr8-gnu-toolchain/bin/../lib/gcc/avr/5.4.0/avr5\libgcc.a(_tablejump2.o)
 .bss           0x00000000        0x0 c:/program files (x86)/atmel/studio/7.0/toolchain/avr8/avr8-gnu-toolchain/bin/../lib/gcc/avr/5.4.0/avr5\libgcc.a(_tablejump2.o)
 .text.libgcc.mul
                0x00000000        0x0 c:/program files (x86)/atmel/studio/7.0/toolchain/avr8/avr8-gnu-toolchain/bin/../lib/gcc/avr/5.4.0/avr5\libgcc.a(_tablejump2.o)
 .text.libgcc.div
                0x00000000        0x0 c:/program files (x86)/atmel/studio/7.0/toolchain/avr8/avr8-gnu-toolchain/bin/../lib/gcc/avr/5.4.0/avr5\libgcc.a(_tablejump2.o)
 .text.libgcc.prologue
                0x00000000        0x0 c:/program files (x86)/atmel/studio/7.0/toolchain/avr8/avr8-gnu-toolchain/bin/../lib/gcc/avr/5.4.0/avr5\libgcc.a(_tablejump2.o)
 .text.libgcc.builtins
                0x00000000        0x0 c:/program files (x86)/atmel/studio/7.0/toolchain/avr8/avr8-gnu-toolchain/bin/../lib/gcc/avr/5.4.0/avr5\libgcc.a(_tablejump2.o)
 .text.libgcc.fmul
                0x00000000        0x0 c:/program files (x86)/atmel/studio/7.0/toolchain/avr8/avr8-gnu-toolchain/bin/../lib/gcc/avr/5.4.0/avr5\libgcc.a(_tablejump2.o)
 .text.libgcc.fixed
                0x00000000        0x0 c:/program files (x86)/atmel/studio/7.0/toolchain/avr8/avr8-gnu-toolchain/bin/../lib/gcc/avr/5.4.0/avr5\libgcc.a(_tablejump2.o)
 .text          0x00000000        0x0 c:/program files (x86)/atmel/studio/7.0/toolchain/avr8/avr8-gnu-toolchain/bin/../lib/gcc/avr/5.4.0/avr5\libgcc.a(_clear_bss.o)
 .data          0x00000000        0x0 c:/program files (x86)/atmel/studio/7.0/toolchain/avr8/avr8-gnu-toolchain/bin/../lib/gcc/avr/5.4.0/avr5\libgcc.a(_clear_bss.o)
 .bss           0x00000000        0x0 c:/program files (x86)/atmel/studio/7.0/toolchain/avr8/avr8-gnu-toolchain/bin/../lib/gcc/avr/5.4.0/avr5\libgcc.a(_clear_bss.o)
 .text.libgcc.mul
                0x00000000        0x0 c:/program files (x86)/atmel/studio/7.0/toolchain/avr8/avr8-gnu-toolchain/bin/../lib/gcc/avr/5.4.0/avr5\libgcc.a(_clear_bss.o)
 .text.libgcc.div
                0x00000000        0x0 c:/program files (x86)/atmel/studio/7.0/toolchain/avr8/avr8-gnu-toolchain/bin/../lib/gcc/avr/5.4.0/avr5\libgcc.a(_clear_bss.o)
 .text.libgcc   0x00000000        0x0 c:/program files (x86)/atmel/studio/7.0/toolchain/avr8/avr8-gnu-toolchain/bin/../lib/gcc/avr/5.4.0/avr5\libgcc.a(_clear_bss.o)
 .text.libgcc.prologue
                0x00000000        0x0 c:/program files (x86)/atmel/studio/7.0/toolchain/avr8/avr8-gnu-toolchain/bin/../lib/gcc/avr/5.4.0/avr5\libgcc.a(_clear_bss.o)
 .text.libgcc.builtins
                0x00000000        0x0 c:/program files (x86)/atmel/studio/7.0/toolchain/avr8/avr8-gnu-toolchain/bin/../lib/gcc/avr/5.4.0/avr5\libgcc.a(_clear_bss.o)
 .text.libgcc.fmul
                0x00000000        0x0 c:/program files (x86)/atmel/studio/7.0/toolchain/avr8/avr8-gnu-toolchain/bin/../lib/gcc/avr/5.4.0/avr5\libgcc.a(_clear_bss.o)
 .text.libgcc.fixed
                0x00000000        0x0 c:/program files (x86)/atmel/studio/7.0/toolchain/avr8/avr8-gnu-toolchain/bin/../lib/gcc/avr/5.4.0/avr5\libgcc.a(_clear_bss.o)

Memory Configuration

Name             Origin             Length             Attributes
text             0x00000000         0x00008000         xr
data             0x00800100         0x00000800         rw !x
eeprom           0x00810000         0x00000400         rw !x
fuse             0x00820000         0x00000003         rw !x
lock             0x00830000         0x00000400         rw !x
signature        0x00840000         0x00000400         rw !x
user_signatures  0x00850000         0x00000400         rw !x
*default*        0x00000000         0xffffffff

Linker script and memory map

Address of section .data set to 0x800100
LOAD C:/Program Files (x86)/Atmel/Studio/7.0/Packs/atmel/ATmega_DFP/1.6.364/gcc/dev/atmega328p/avr5/crtatmega328p.o
LOAD Sketch.o
START GROUP
LOAD c:/program files (x86)/atmel/studio/7.0/toolchain/avr8/avr8-gnu-toolchain/bin/../lib/gcc/avr/5.4.0/../../../../avr/lib/avr5\libm.a
LOAD D:\Documents\Microprocessor\Microchip Studio\MiniprojectTask1\ArduinoSketch1\ArduinoCore\Debug\libArduinoCore.a
END GROUP
LOAD c:/program files (x86)/atmel/studio/7.0/toolchain/avr8/avr8-gnu-toolchain/bin/../lib/gcc/avr/5.4.0/avr5\libgcc.a
LOAD c:/program files (x86)/atmel/studio/7.0/toolchain/avr8/avr8-gnu-toolchain/bin/../lib/gcc/avr/5.4.0/../../../../avr/lib/avr5\libm.a
START GROUP
LOAD c:/program files (x86)/atmel/studio/7.0/toolchain/avr8/avr8-gnu-toolchain/bin/../lib/gcc/avr/5.4.0/avr5\libgcc.a
LOAD c:/program files (x86)/atmel/studio/7.0/toolchain/avr8/avr8-gnu-toolchain/bin/../lib/gcc/avr/5.4.0/../../../../avr/lib/avr5\libm.a
LOAD c:/program files (x86)/atmel/studio/7.0/toolchain/avr8/avr8-gnu-toolchain/bin/../lib/gcc/avr/5.4.0/../../../../avr/lib/avr5\libc.a
LOAD C:/Program Files (x86)/Atmel/Studio/7.0/Packs/atmel/ATmega_DFP/1.6.364/gcc/dev/atmega328p/avr5\libatmega328p.a
END GROUP
                0x00000000                __TEXT_REGION_ORIGIN__ = DEFINED (__TEXT_REGION_ORIGIN__)?__TEXT_REGION_ORIGIN__:0x0
                [0x00800100]                __DATA_REGION_ORIGIN__ = DEFINED (__DATA_REGION_ORIGIN__)?__DATA_REGION_ORIGIN__:0x800060
                [0x00008000]                __TEXT_REGION_LENGTH__ = DEFINED (__TEXT_REGION_LENGTH__)?__TEXT_REGION_LENGTH__:0x20000
                [0x00000800]                __DATA_REGION_LENGTH__ = DEFINED (__DATA_REGION_LENGTH__)?__DATA_REGION_LENGTH__:0xffa0
                [0x00000400]                __EEPROM_REGION_LENGTH__ = DEFINED (__EEPROM_REGION_LENGTH__)?__EEPROM_REGION_LENGTH__:0x10000
                [0x00000003]                __FUSE_REGION_LENGTH__ = DEFINED (__FUSE_REGION_LENGTH__)?__FUSE_REGION_LENGTH__:0x400
                0x00000400                __LOCK_REGION_LENGTH__ = DEFINED (__LOCK_REGION_LENGTH__)?__LOCK_REGION_LENGTH__:0x400
                0x00000400                __SIGNATURE_REGION_LENGTH__ = DEFINED (__SIGNATURE_REGION_LENGTH__)?__SIGNATURE_REGION_LENGTH__:0x400
                0x00000400                __USER_SIGNATURE_REGION_LENGTH__ = DEFINED (__USER_SIGNATURE_REGION_LENGTH__)?__USER_SIGNATURE_REGION_LENGTH__:0x400

.hash
 *(.hash)

.dynsym
 *(.dynsym)

.dynstr
 *(.dynstr)

.gnu.version
 *(.gnu.version)

.gnu.version_d
 *(.gnu.version_d)

.gnu.version_r
 *(.gnu.version_r)

.rel.init
 *(.rel.init)

.rela.init
 *(.rela.init)

.rel.text
 *(.rel.text)
 *(.rel.text.*)
 *(.rel.gnu.linkonce.t*)

.rela.text
 *(.rela.text)
 *(.rela.text.*)
 *(.rela.gnu.linkonce.t*)

.rel.fini
 *(.rel.fini)

.rela.fini
 *(.rela.fini)

.rel.rodata
 *(.rel.rodata)
 *(.rel.rodata.*)
 *(.rel.gnu.linkonce.r*)

.rela.rodata
 *(.rela.rodata)
 *(.rela.rodata.*)
 *(.rela.gnu.linkonce.r*)

.rel.data
 *(.rel.data)
 *(.rel.data.*)
 *(.rel.gnu.linkonce.d*)

.rela.data
 *(.rela.data)
 *(.rela.data.*)
 *(.rela.gnu.linkonce.d*)

.rel.ctors
 *(.rel.ctors)

.rela.ctors
 *(.rela.ctors)

.rel.dtors
 *(.rel.dtors)

.rela.dtors
 *(.rela.dtors)

.rel.got
 *(.rel.got)

.rela.got
 *(.rela.got)

.rel.bss
 *(.rel.bss)

.rela.bss
 *(.rela.bss)

.rel.plt
 *(.rel.plt)

.rela.plt
 *(.rela.plt)

.text           0x00000000      0x50e
 *(.vectors)
 .vectors       0x00000000       0x68 C:/Program Files (x86)/Atmel/Studio/7.0/Packs/atmel/ATmega_DFP/1.6.364/gcc/dev/atmega328p/avr5/crtatmega328p.o
                0x00000000                __vector_default
                0x00000000                __vectors
 *(.vectors)
 *(.progmem.gcc*)
 .progmem.gcc_sw_table._Z13myfnNumToBitsi
                0x00000068       0x14 Sketch.o
                0x0000007c                . = ALIGN (0x2)
                0x0000007c                __trampolines_start = .
 *(.trampolines)
 .trampolines   0x0000007c        0x0 linker stubs
 *(.trampolines*)
                0x0000007c                __trampolines_end = .
 *libprintf_flt.a:*(.progmem.data)
 *libc.a:*(.progmem.data)
 *(.progmem*)
 .progmem.data.digital_pin_to_timer_PGM
                0x0000007c       0x14 D:\Documents\Microprocessor\Microchip Studio\MiniprojectTask1\ArduinoSketch1\ArduinoCore\Debug\libArduinoCore.a(wiring_digital.o)
                0x0000007c                digital_pin_to_timer_PGM
 .progmem.data.digital_pin_to_bit_mask_PGM
                0x00000090       0x14 D:\Documents\Microprocessor\Microchip Studio\MiniprojectTask1\ArduinoSketch1\ArduinoCore\Debug\libArduinoCore.a(wiring_digital.o)
                0x00000090                digital_pin_to_bit_mask_PGM
 .progmem.data.digital_pin_to_port_PGM
                0x000000a4       0x14 D:\Documents\Microprocessor\Microchip Studio\MiniprojectTask1\ArduinoSketch1\ArduinoCore\Debug\libArduinoCore.a(wiring_digital.o)
                0x000000a4                digital_pin_to_port_PGM
 .progmem.data.port_to_output_PGM
                0x000000b8        0xa D:\Documents\Microprocessor\Microchip Studio\MiniprojectTask1\ArduinoSketch1\ArduinoCore\Debug\libArduinoCore.a(wiring_digital.o)
                0x000000b8                port_to_output_PGM
 .progmem.data.port_to_mode_PGM
                0x000000c2        0xa D:\Documents\Microprocessor\Microchip Studio\MiniprojectTask1\ArduinoSketch1\ArduinoCore\Debug\libArduinoCore.a(wiring_digital.o)
                0x000000c2                port_to_mode_PGM
                0x000000cc                . = ALIGN (0x2)
 *(.jumptables)
 *(.jumptables*)
 *(.lowtext)
 *(.lowtext*)
                0x000000cc                __ctors_start = .
 *(.ctors)
                0x000000cc                __ctors_end = .
                0x000000cc                __dtors_start = .
 *(.dtors)
                0x000000cc                __dtors_end = .
 SORT(*)(.ctors)
 SORT(*)(.dtors)
 *(.init0)
 .init0         0x000000cc        0x0 C:/Program Files (x86)/Atmel/Studio/7.0/Packs/atmel/ATmega_DFP/1.6.364/gcc/dev/atmega328p/avr5/crtatmega328p.o
                0x000000cc                __init
 *(.init0)
 *(.init1)
 *(.init1)
 *(.init2)
 .init2         0x000000cc        0xc C:/Program Files (x86)/Atmel/Studio/7.0/Packs/atmel/ATmega_DFP/1.6.364/gcc/dev/atmega328p/avr5/crtatmega328p.o
 *(.init2)
 *(.init3)
 *(.init3)
 *(.init4)
 .init4         0x000000d8       0x10 c:/program files (x86)/atmel/studio/7.0/toolchain/avr8/avr8-gnu-toolchain/bin/../lib/gcc/avr/5.4.0/avr5\libgcc.a(_clear_bss.o)
                0x000000d8                __do_clear_bss
 *(.init4)
 *(.init5)
 *(.init5)
 *(.init6)
 *(.init6)
 *(.init7)
 *(.init7)
 *(.init8)
 *(.init8)
 *(.init9)
 .init9         0x000000e8        0x8 C:/Program Files (x86)/Atmel/Studio/7.0/Packs/atmel/ATmega_DFP/1.6.364/gcc/dev/atmega328p/avr5/crtatmega328p.o
 *(.init9)
 *(.text)
 .text          0x000000f0        0x4 C:/Program Files (x86)/Atmel/Studio/7.0/Packs/atmel/ATmega_DFP/1.6.364/gcc/dev/atmega328p/avr5/crtatmega328p.o
                0x000000f0                __vector_22
                0x000000f0                __vector_1
                0x000000f0                __vector_24
                0x000000f0                __vector_12
                0x000000f0                __bad_interrupt
                0x000000f0                __vector_6
                0x000000f0                __vector_3
                0x000000f0                __vector_23
                0x000000f0                __vector_25
                0x000000f0                __vector_11
                0x000000f0                __vector_13
                0x000000f0                __vector_17
                0x000000f0                __vector_19
                0x000000f0                __vector_7
                0x000000f0                __vector_5
                0x000000f0                __vector_4
                0x000000f0                __vector_9
                0x000000f0                __vector_2
                0x000000f0                __vector_21
                0x000000f0                __vector_15
                0x000000f0                __vector_8
                0x000000f0                __vector_14
                0x000000f0                __vector_10
                0x000000f0                __vector_18
                0x000000f0                __vector_20
                0x000000f4                . = ALIGN (0x2)
 *(.text.*)
 .text.setup    0x000000f4       0x18 Sketch.o
                0x000000f4                setup
 .text._Z17myfnUpdateDisplayh
                0x0000010c       0x22 Sketch.o
                0x0000010c                _Z17myfnUpdateDisplayh
 .text._Z13myfnNumToBitsi
                0x0000012e       0x3a Sketch.o
                0x0000012e                _Z13myfnNumToBitsi
 .text.loop     0x00000168       0x2c Sketch.o
                0x00000168                loop
 .text.initVariant
                0x00000194        0x2 D:\Documents\Microprocessor\Microchip Studio\MiniprojectTask1\ArduinoSketch1\ArduinoCore\Debug\libArduinoCore.a(main.o)
                0x00000194                initVariant
 .text.startup.main
                0x00000196       0x1e D:\Documents\Microprocessor\Microchip Studio\MiniprojectTask1\ArduinoSketch1\ArduinoCore\Debug\libArduinoCore.a(main.o)
                0x00000196                main
 .text.__vector_16
                0x000001b4       0x94 D:\Documents\Microprocessor\Microchip Studio\MiniprojectTask1\ArduinoSketch1\ArduinoCore\Debug\libArduinoCore.a(wiring.o)
                0x000001b4                __vector_16
 .text.micros   0x00000248       0x4a D:\Documents\Microprocessor\Microchip Studio\MiniprojectTask1\ArduinoSketch1\ArduinoCore\Debug\libArduinoCore.a(wiring.o)
                0x00000248                micros
 .text.delay    0x00000292       0x78 D:\Documents\Microprocessor\Microchip Studio\MiniprojectTask1\ArduinoSketch1\ArduinoCore\Debug\libArduinoCore.a(wiring.o)
                0x00000292                delay
 .text.init     0x0000030a       0x76 D:\Documents\Microprocessor\Microchip Studio\MiniprojectTask1\ArduinoSketch1\ArduinoCore\Debug\libArduinoCore.a(wiring.o)
                0x0000030a                init
 .text.turnOffPWM
                0x00000380       0x52 D:\Documents\Microprocessor\Microchip Studio\MiniprojectTask1\ArduinoSketch1\ArduinoCore\Debug\libArduinoCore.a(wiring_digital.o)
 .text.pinMode  0x000003d2       0x78 D:\Documents\Microprocessor\Microchip Studio\MiniprojectTask1\ArduinoSketch1\ArduinoCore\Debug\libArduinoCore.a(wiring_digital.o)
                0x000003d2                pinMode
 .text.digitalWrite
                0x0000044a       0x5e D:\Documents\Microprocessor\Microchip Studio\MiniprojectTask1\ArduinoSketch1\ArduinoCore\Debug\libArduinoCore.a(wiring_digital.o)
                0x0000044a                digitalWrite
 .text.shiftOut
                0x000004a8       0x54 D:\Documents\Microprocessor\Microchip Studio\MiniprojectTask1\ArduinoSketch1\ArduinoCore\Debug\libArduinoCore.a(wiring_shift.o)
                0x000004a8                shiftOut
 .text.__empty  0x000004fc        0x2 D:\Documents\Microprocessor\Microchip Studio\MiniprojectTask1\ArduinoSketch1\ArduinoCore\Debug\libArduinoCore.a(hooks.o)
                0x000004fc                yield
 .text.libgcc   0x000004fe        0xc c:/program files (x86)/atmel/studio/7.0/toolchain/avr8/avr8-gnu-toolchain/bin/../lib/gcc/avr/5.4.0/avr5\libgcc.a(_tablejump2.o)
                0x000004fe                __tablejump2__
                0x0000050a                . = ALIGN (0x2)
 *(.fini9)
 .fini9         0x0000050a        0x0 c:/program files (x86)/atmel/studio/7.0/toolchain/avr8/avr8-gnu-toolchain/bin/../lib/gcc/avr/5.4.0/avr5\libgcc.a(_exit.o)
                0x0000050a                _exit
                0x0000050a                exit
 *(.fini9)
 *(.fini8)
 *(.fini8)
 *(.fini7)
 *(.fini7)
 *(.fini6)
 *(.fini6)
 *(.fini5)
 *(.fini5)
 *(.fini4)
 *(.fini4)
 *(.fini3)
 *(.fini3)
 *(.fini2)
 *(.fini2)
 *(.fini1)
 *(.fini1)
 *(.fini0)
 .fini0         0x0000050a        0x4 c:/program files (x86)/atmel/studio/7.0/toolchain/avr8/avr8-gnu-toolchain/bin/../lib/gcc/avr/5.4.0/avr5\libgcc.a(_exit.o)
 *(.fini0)
                0x0000050e                _etext = .

.data           0x00800100        0x0 load address 0x0000050e
                [!provide]                PROVIDE (__data_start, .)
 *(.data)
 *(.data*)
 *(.gnu.linkonce.d*)
 *(.rodata)
 *(.rodata*)
 *(.gnu.linkonce.r*)
                0x00800100                . = ALIGN (0x2)
                0x00800100                _edata = .
                [!provide]                PROVIDE (__data_end, .)

.bss            0x00800100        0x9
                0x00800100                PROVIDE (__bss_start, .)
 *(.bss)
 *(.bss*)
 .bss.timer0_fract
                0x00800100        0x1 D:\Documents\Microprocessor\Microchip Studio\MiniprojectTask1\ArduinoSketch1\ArduinoCore\Debug\libArduinoCore.a(wiring.o)
 .bss.timer0_millis
                0x00800101        0x4 D:\Documents\Microprocessor\Microchip Studio\MiniprojectTask1\ArduinoSketch1\ArduinoCore\Debug\libArduinoCore.a(wiring.o)
                0x00800101                timer0_millis
 .bss.timer0_overflow_count
                0x00800105        0x4 D:\Documents\Microprocessor\Microchip Studio\MiniprojectTask1\ArduinoSketch1\ArduinoCore\Debug\libArduinoCore.a(wiring.o)
                0x00800105                timer0_overflow_count
 *(COMMON)
                0x00800109                PROVIDE (__bss_end, .)
                0x0000050e                __data_load_start = LOADADDR (.data)
                0x0000050e                __data_load_end = (__data_load_start + SIZEOF (.data))

.noinit         0x00800109        0x0
                [!provide]                PROVIDE (__noinit_start, .)
 *(.noinit*)
                [!provide]                PROVIDE (__noinit_end, .)
                0x00800109                _end = .
                [!provide]                PROVIDE (__heap_start, .)

.eeprom         0x00810000        0x0
 *(.eeprom*)
                0x00810000                __eeprom_end = .

.fuse
 *(.fuse)
 *(.lfuse)
 *(.hfuse)
 *(.efuse)

.lock
 *(.lock*)

.signature
 *(.signature*)

.user_signatures
 *(.user_signatures*)

.stab
 *(.stab)

.stabstr
 *(.stabstr)

.stab.excl
 *(.stab.excl)

.stab.exclstr
 *(.stab.exclstr)

.stab.index
 *(.stab.index)

.stab.indexstr
 *(.stab.indexstr)

.comment        0x00000000       0x30
 *(.comment)
 .comment       0x00000000       0x30 Sketch.o
                                 0x31 (size before relaxing)
 .comment       0x00000030       0x31 D:\Documents\Microprocessor\Microchip Studio\MiniprojectTask1\ArduinoSketch1\ArduinoCore\Debug\libArduinoCore.a(main.o)
 .comment       0x00000030       0x31 D:\Documents\Microprocessor\Microchip Studio\MiniprojectTask1\ArduinoSketch1\ArduinoCore\Debug\libArduinoCore.a(wiring.o)
 .comment       0x00000030       0x31 D:\Documents\Microprocessor\Microchip Studio\MiniprojectTask1\ArduinoSketch1\ArduinoCore\Debug\libArduinoCore.a(wiring_digital.o)
 .comment       0x00000030       0x31 D:\Documents\Microprocessor\Microchip Studio\MiniprojectTask1\ArduinoSketch1\ArduinoCore\Debug\libArduinoCore.a(wiring_shift.o)
 .comment       0x00000030       0x31 D:\Documents\Microprocessor\Microchip Studio\MiniprojectTask1\ArduinoSketch1\ArduinoCore\Debug\libArduinoCore.a(hooks.o)

.note.gnu.avr.deviceinfo
                0x00000000       0x40
 .note.gnu.avr.deviceinfo
                0x00000000       0x40 C:/Program Files (x86)/Atmel/Studio/7.0/Packs/atmel/ATmega_DFP/1.6.364/gcc/dev/atmega328p/avr5/crtatmega328p.o

.note.gnu.build-id
 *(.note.gnu.build-id)

.debug
 *(.debug)

.line
 *(.line)

.debug_srcinfo
 *(.debug_srcinfo)

.debug_sfnames
 *(.debug_sfnames)

.debug_aranges  0x00000000      0x130
 *(.debug_aranges)
 .debug_aranges
                0x00000000       0x38 Sketch.o
 .debug_aranges
                0x00000038       0x30 D:\Documents\Microprocessor\Microchip Studio\MiniprojectTask1\ArduinoSketch1\ArduinoCore\Debug\libArduinoCore.a(main.o)
 .debug_aranges
                0x00000068       0x48 D:\Documents\Microprocessor\Microchip Studio\MiniprojectTask1\ArduinoSketch1\ArduinoCore\Debug\libArduinoCore.a(wiring.o)
 .debug_aranges
                0x000000b0       0x38 D:\Documents\Microprocessor\Microchip Studio\MiniprojectTask1\ArduinoSketch1\ArduinoCore\Debug\libArduinoCore.a(wiring_digital.o)
 .debug_aranges
                0x000000e8       0x28 D:\Documents\Microprocessor\Microchip Studio\MiniprojectTask1\ArduinoSketch1\ArduinoCore\Debug\libArduinoCore.a(wiring_shift.o)
 .debug_aranges
                0x00000110       0x20 D:\Documents\Microprocessor\Microchip Studio\MiniprojectTask1\ArduinoSketch1\ArduinoCore\Debug\libArduinoCore.a(hooks.o)

.debug_pubnames
 *(.debug_pubnames)

.debug_info     0x00000000     0x1747
 *(.debug_info .gnu.linkonce.wi.*)
 .debug_info    0x00000000      0x5f4 C:/Program Files (x86)/Atmel/Studio/7.0/Packs/atmel/ATmega_DFP/1.6.364/gcc/dev/atmega328p/avr5/crtatmega328p.o
 .debug_info    0x000005f4      0x35f Sketch.o
 .debug_info    0x00000953      0x237 D:\Documents\Microprocessor\Microchip Studio\MiniprojectTask1\ArduinoSketch1\ArduinoCore\Debug\libArduinoCore.a(main.o)
 .debug_info    0x00000b8a      0x2cb D:\Documents\Microprocessor\Microchip Studio\MiniprojectTask1\ArduinoSketch1\ArduinoCore\Debug\libArduinoCore.a(wiring.o)
 .debug_info    0x00000e55      0x5fe D:\Documents\Microprocessor\Microchip Studio\MiniprojectTask1\ArduinoSketch1\ArduinoCore\Debug\libArduinoCore.a(wiring_digital.o)
 .debug_info    0x00001453      0x2b6 D:\Documents\Microprocessor\Microchip Studio\MiniprojectTask1\ArduinoSketch1\ArduinoCore\Debug\libArduinoCore.a(wiring_shift.o)
 .debug_info    0x00001709       0x3e D:\Documents\Microprocessor\Microchip Studio\MiniprojectTask1\ArduinoSketch1\ArduinoCore\Debug\libArduinoCore.a(hooks.o)

.debug_abbrev   0x00000000      0xc17
 *(.debug_abbrev)
 .debug_abbrev  0x00000000      0x5a2 C:/Program Files (x86)/Atmel/Studio/7.0/Packs/atmel/ATmega_DFP/1.6.364/gcc/dev/atmega328p/avr5/crtatmega328p.o
 .debug_abbrev  0x000005a2      0x16c Sketch.o
 .debug_abbrev  0x0000070e      0x12d D:\Documents\Microprocessor\Microchip Studio\MiniprojectTask1\ArduinoSketch1\ArduinoCore\Debug\libArduinoCore.a(main.o)
 .debug_abbrev  0x0000083b      0x146 D:\Documents\Microprocessor\Microchip Studio\MiniprojectTask1\ArduinoSketch1\ArduinoCore\Debug\libArduinoCore.a(wiring.o)
 .debug_abbrev  0x00000981      0x15b D:\Documents\Microprocessor\Microchip Studio\MiniprojectTask1\ArduinoSketch1\ArduinoCore\Debug\libArduinoCore.a(wiring_digital.o)
 .debug_abbrev  0x00000adc      0x111 D:\Documents\Microprocessor\Microchip Studio\MiniprojectTask1\ArduinoSketch1\ArduinoCore\Debug\libArduinoCore.a(wiring_shift.o)
 .debug_abbrev  0x00000bed       0x2a D:\Documents\Microprocessor\Microchip Studio\MiniprojectTask1\ArduinoSketch1\ArduinoCore\Debug\libArduinoCore.a(hooks.o)

.debug_line     0x00000000      0xb4e
 *(.debug_line .debug_line.* .debug_line_end)
 .debug_line    0x00000000      0x134 C:/Program Files (x86)/Atmel/Studio/7.0/Packs/atmel/ATmega_DFP/1.6.364/gcc/dev/atmega328p/avr5/crtatmega328p.o
 .debug_line    0x00000134      0x1f9 Sketch.o
 .debug_line    0x0000032d      0x165 D:\Documents\Microprocessor\Microchip Studio\MiniprojectTask1\ArduinoSketch1\ArduinoCore\Debug\libArduinoCore.a(main.o)
 .debug_line    0x00000492      0x299 D:\Documents\Microprocessor\Microchip Studio\MiniprojectTask1\ArduinoSketch1\ArduinoCore\Debug\libArduinoCore.a(wiring.o)
 .debug_line    0x0000072b      0x252 D:\Documents\Microprocessor\Microchip Studio\MiniprojectTask1\ArduinoSketch1\ArduinoCore\Debug\libArduinoCore.a(wiring_digital.o)
 .debug_line    0x0000097d      0x190 D:\Documents\Microprocessor\Microchip Studio\MiniprojectTask1\ArduinoSketch1\ArduinoCore\Debug\libArduinoCore.a(wiring_shift.o)
 .debug_line    0x00000b0d       0x41 D:\Documents\Microprocessor\Microchip Studio\MiniprojectTask1\ArduinoSketch1\ArduinoCore\Debug\libArduinoCore.a(hooks.o)

.debug_frame    0x00000000      0x298
 *(.debug_frame)
 .debug_frame   0x00000000       0x68 Sketch.o
 .debug_frame   0x00000068       0x54 D:\Documents\Microprocessor\Microchip Studio\MiniprojectTask1\ArduinoSketch1\ArduinoCore\Debug\libArduinoCore.a(main.o)
 .debug_frame   0x000000bc       0xc4 D:\Documents\Microprocessor\Microchip Studio\MiniprojectTask1\ArduinoSketch1\ArduinoCore\Debug\libArduinoCore.a(wiring.o)
 .debug_frame   0x00000180       0x7c D:\Documents\Microprocessor\Microchip Studio\MiniprojectTask1\ArduinoSketch1\ArduinoCore\Debug\libArduinoCore.a(wiring_digital.o)
 .debug_frame   0x000001fc       0x78 D:\Documents\Microprocessor\Microchip Studio\MiniprojectTask1\ArduinoSketch1\ArduinoCore\Debug\libArduinoCore.a(wiring_shift.o)
 .debug_frame   0x00000274       0x24 D:\Documents\Microprocessor\Microchip Studio\MiniprojectTask1\ArduinoSketch1\ArduinoCore\Debug\libArduinoCore.a(hooks.o)

.debug_str      0x00000000      0x82e
 *(.debug_str)
 .debug_str     0x00000000      0x208 C:/Program Files (x86)/Atmel/Studio/7.0/Packs/atmel/ATmega_DFP/1.6.364/gcc/dev/atmega328p/avr5/crtatmega328p.o
 .debug_str     0x00000208      0x2d5 Sketch.o
                                0x315 (size before relaxing)
 .debug_str     0x000004dd       0xbc D:\Documents\Microprocessor\Microchip Studio\MiniprojectTask1\ArduinoSketch1\ArduinoCore\Debug\libArduinoCore.a(main.o)
                                0x2bc (size before relaxing)
 .debug_str     0x00000599      0x165 D:\Documents\Microprocessor\Microchip Studio\MiniprojectTask1\ArduinoSketch1\ArduinoCore\Debug\libArduinoCore.a(wiring.o)
                                0x252 (size before relaxing)
 .debug_str     0x000006fe       0xe2 D:\Documents\Microprocessor\Microchip Studio\MiniprojectTask1\ArduinoSketch1\ArduinoCore\Debug\libArduinoCore.a(wiring_digital.o)
                                0x2b7 (size before relaxing)
 .debug_str     0x000007e0       0x32 D:\Documents\Microprocessor\Microchip Studio\MiniprojectTask1\ArduinoSketch1\ArduinoCore\Debug\libArduinoCore.a(wiring_shift.o)
                                0x214 (size before relaxing)
 .debug_str     0x00000812       0x1c D:\Documents\Microprocessor\Microchip Studio\MiniprojectTask1\ArduinoSketch1\ArduinoCore\Debug\libArduinoCore.a(hooks.o)
                                0x147 (size before relaxing)

.debug_loc      0x00000000      0xd60
 *(.debug_loc)
 .debug_loc     0x00000000      0x206 Sketch.o
 .debug_loc     0x00000206      0x28d D:\Documents\Microprocessor\Microchip Studio\MiniprojectTask1\ArduinoSketch1\ArduinoCore\Debug\libArduinoCore.a(wiring.o)
 .debug_loc     0x00000493      0x5fc D:\Documents\Microprocessor\Microchip Studio\MiniprojectTask1\ArduinoSketch1\ArduinoCore\Debug\libArduinoCore.a(wiring_digital.o)
 .debug_loc     0x00000a8f      0x2d1 D:\Documents\Microprocessor\Microchip Studio\MiniprojectTask1\ArduinoSketch1\ArduinoCore\Debug\libArduinoCore.a(wiring_shift.o)

.debug_macinfo
 *(.debug_macinfo)

.debug_weaknames
 *(.debug_weaknames)

.debug_funcnames
 *(.debug_funcnames)

.debug_typenames
 *(.debug_typenames)

.debug_varnames
 *(.debug_varnames)

.debug_pubtypes
 *(.debug_pubtypes)

.debug_ranges   0x00000000       0xd0
 *(.debug_ranges)
 .debug_ranges  0x00000000       0x28 Sketch.o
 .debug_ranges  0x00000028       0x20 D:\Documents\Microprocessor\Microchip Studio\MiniprojectTask1\ArduinoSketch1\ArduinoCore\Debug\libArduinoCore.a(main.o)
 .debug_ranges  0x00000048       0x38 D:\Documents\Microprocessor\Microchip Studio\MiniprojectTask1\ArduinoSketch1\ArduinoCore\Debug\libArduinoCore.a(wiring.o)
 .debug_ranges  0x00000080       0x28 D:\Documents\Microprocessor\Microchip Studio\MiniprojectTask1\ArduinoSketch1\ArduinoCore\Debug\libArduinoCore.a(wiring_digital.o)
 .debug_ranges  0x000000a8       0x18 D:\Documents\Microprocessor\Microchip Studio\MiniprojectTask1\ArduinoSketch1\ArduinoCore\Debug\libArduinoCore.a(wiring_shift.o)
 .debug_ranges  0x000000c0       0x10 D:\Documents\Microprocessor\Microchip Studio\MiniprojectTask1\ArduinoSketch1\ArduinoCore\Debug\libArduinoCore.a(hooks.o)

.debug_macro
 *(.debug_macro)
OUTPUT(Miniprojtr.elf elf32-avr)
LOAD linker stubs
